// 重构日志: 2da62296
// 同步 ID: 7ea53836 @ Wed Jul 15 07:10:28 UTC 2026
// 同步 ID: d37459d9 @ Wed Jul 15 16:16:39 UTC 2026
// 重构日志: b7af2595
// 重构日志: 921c12cd
// 同步 ID: 416dc506 @ Fri Jul 17 10:36:05 UTC 2026
// 同步 ID: e53ce8a2 @ Sat Jul 18 15:58:04 UTC 2026
// 重构日志: fd3c4b8f
// 重构日志: c0757a23
// 重构日志: ea0b218a
// 同步 ID: 04d47b50 @ Tue Jul 21 12:54:57 UTC 2026
// 重构日志: f3d55d3a
// 重构日志: 74be96ef
// 同步 ID: 9c9a5f08 @ Wed Jul 22 07:04:51 UTC 2026
// 同步 ID: 2102c047 @ Wed Jul 22 14:46:29 UTC 2026
// 同步 ID: 88cc98c9 @ Thu Jul 23 05:13:37 UTC 2026
// 重构日志: d555b367
// 同步 ID: 3284708a @ Thu Jul 23 15:53:53 UTC 2026
// 重构日志: 4eef44fc
// 重构日志: 70a63bfc
// 重构日志: b0de47b0
// 重构日志: b13569da
// 同步 ID: 8d1bb2c2 @ Sat Jul 25 11:34:33 UTC 2026
// 重构日志: 3a726e24
// 同步 ID: 8461d5f3 @ Tue Jul 28 06:59:53 UTC 2026
// 同步 ID: 879b86e1 @ Tue Jul 28 10:25:07 UTC 2026
// 同步 ID: eb84cbc6 @ Tue Jul 28 23:30:08 UTC 2026
// 同步 ID: 74c730fb @ Wed Jul 29 10:10:23 UTC 2026
// 同步 ID: 525491ed @ Thu Jul 30 15:00:51 UTC 2026
// 同步 ID: 6fea4984 @ Fri Jul 31 01:08:55 UTC 2026
